[demo.hasthemes.com/koparion-preview/koparion/cart.html]
[backblue.gif]
[fade.gif]
[index.html]
[demo.hasthemes.com/koparion-preview/koparion/img/favicon.png]
[demo.hasthemes.com/koparion-preview/koparion/css/bootstrap.min.css]
[demo.hasthemes.com/koparion-preview/koparion/css/animate.css]
[demo.hasthemes.com/koparion-preview/koparion/css/meanmenu.min.css]
[demo.hasthemes.com/koparion-preview/koparion/css/owl.carousel.css]
[demo.hasthemes.com/koparion-preview/koparion/css/font-awesome.min.css]
[demo.hasthemes.com/koparion-preview/koparion/css/flexslider.css]
[demo.hasthemes.com/koparion-preview/koparion/css/chosen.min.css]
[demo.hasthemes.com/koparion-preview/koparion/css/responsive.css]
[demo.hasthemes.com/koparion-preview/koparion/style.css]
[demo.hasthemes.com/koparion-preview/koparion/js/vendor/modernizr-2.8.3.min.js]
[demo.hasthemes.com/koparion-preview/koparion/img/flag/1.jpg]
[demo.hasthemes.com/koparion-preview/koparion/img/flag/2.jpg]
[demo.hasthemes.com/koparion-preview/koparion/img/flag/3.jpg]
[demo.hasthemes.com/koparion-preview/koparion/my-account.html]
[demo.hasthemes.com/koparion-preview/koparion/checkout.html]
[demo.hasthemes.com/koparion-preview/koparion/login.html]
[demo.hasthemes.com/koparion-preview/koparion/index.html]
[demo.hasthemes.com/koparion-preview/koparion/img/logo/logo.png]
[demo.hasthemes.com/koparion-preview/koparion/img/product/1.jpg]
[demo.hasthemes.com/koparion-preview/koparion/img/product/3.jpg]
[demo.hasthemes.com/koparion-preview/koparion/index-2.html]
[demo.hasthemes.com/koparion-preview/koparion/index-3.html]
[demo.hasthemes.com/koparion-preview/koparion/index-4.html]
[demo.hasthemes.com/koparion-preview/koparion/index-5.html]
[demo.hasthemes.com/koparion-preview/koparion/index-6.html]
[demo.hasthemes.com/koparion-preview/koparion/index-7.html]
[demo.hasthemes.com/koparion-preview/koparion/product-details.html]
[demo.hasthemes.com/koparion-preview/koparion/blog.html]
[demo.hasthemes.com/koparion-preview/koparion/shop.html]
[demo.hasthemes.com/koparion-preview/koparion/blog-details.html]
[demo.hasthemes.com/koparion-preview/koparion/shop-list.html]
[demo.hasthemes.com/koparion-preview/koparion/product-details-affiliate.html]
[demo.hasthemes.com/koparion-preview/koparion/contact.html]
[demo.hasthemes.com/koparion-preview/koparion/about.html]
[demo.hasthemes.com/koparion-preview/koparion/register.html]
[demo.hasthemes.com/koparion-preview/koparion/compare.html]
[demo.hasthemes.com/koparion-preview/koparion/wishlist.html]
[demo.hasthemes.com/koparion-preview/koparion/404.html]
[demo.hasthemes.com/koparion-preview/koparion/img/cart/1.jpg]
[demo.hasthemes.com/koparion-preview/koparion/img/cart/2.jpg]
[demo.hasthemes.com/koparion-preview/koparion/img/1.png]
[demo.hasthemes.com/koparion-preview/koparion/js/vendor/jquery-1.12.0.min.js]
[demo.hasthemes.com/koparion-preview/koparion/js/popper.min.js]
[demo.hasthemes.com/koparion-preview/koparion/js/bootstrap.min.js]
[demo.hasthemes.com/koparion-preview/koparion/js/owl.carousel.min.js]
[demo.hasthemes.com/koparion-preview/koparion/js/jquery.meanmenu.js]
[demo.hasthemes.com/koparion-preview/koparion/js/wow.min.js]
[demo.hasthemes.com/koparion-preview/koparion/js/jquery.parallax-1.1.3.js]
[demo.hasthemes.com/koparion-preview/koparion/js/jquery.countdown.min.js]
[demo.hasthemes.com/koparion-preview/koparion/js/jquery.flexslider.js]
[demo.hasthemes.com/koparion-preview/koparion/js/chosen.jquery.min.js]
[demo.hasthemes.com/koparion-preview/koparion/js/jquery.counterup.min.js]
[demo.hasthemes.com/koparion-preview/koparion/js/waypoints.min.js]
[demo.hasthemes.com/koparion-preview/koparion/js/plugins.js]
[demo.hasthemes.com/koparion-preview/koparion/cart.html]
[demo.hasthemes.com/koparion-preview/koparion/css/bootstrap.min.css]
[demo.hasthemes.com/koparion-preview/koparion/css/animate.css]
[demo.hasthemes.com/koparion-preview/koparion/css/meanmenu.min.css]
[demo.hasthemes.com/koparion-preview/koparion/js/main.js]
[demo.hasthemes.com/koparion-preview/koparion/css/owl.carousel.css]
[demo.hasthemes.com/koparion-preview/koparion/fonts/fontawesome-webfont3295.eot]
[demo.hasthemes.com/koparion-preview/koparion/fonts/fontawesome-webfontd41d.eot]
[demo.hasthemes.com/koparion-preview/koparion/fonts/fontawesome-webfont3295.woff2]
[demo.hasthemes.com/koparion-preview/koparion/fonts/fontawesome-webfont3295.woff]
[demo.hasthemes.com/koparion-preview/koparion/fonts/fontawesome-webfont3295.ttf]
[demo.hasthemes.com/koparion-preview/koparion/css/font-awesome.min.css]
[demo.hasthemes.com/koparion-preview/koparion/fonts/fontawesome-webfont3295.svg]
[demo.hasthemes.com/koparion-preview/koparion/css/flexslider.css]
[demo.hasthemes.com/koparion-preview/koparion/css/chosen-sprite.png]
[demo.hasthemes.com/koparion-preview/koparion/css/chosen.min.css]
[demo.hasthemes.com/koparion-preview/koparion/img/banner/7.jpg]
[demo.hasthemes.com/koparion-preview/koparion/img/banner/10.jpg]
[demo.hasthemes.com/koparion-preview/koparion/img/banner/11.jpg]
[demo.hasthemes.com/koparion-preview/koparion/img/icon-img/select-2.png]
[demo.hasthemes.com/koparion-preview/koparion/img/banner/13.jpg]
[demo.hasthemes.com/koparion-preview/koparion/img/banner/19.jpg]
[demo.hasthemes.com/koparion-preview/koparion/img/banner/22.jpg]
[demo.hasthemes.com/koparion-preview/koparion/img/banner/25.jpg]
[demo.hasthemes.com/koparion-preview/koparion/img/banner/26.jpg]
[demo.hasthemes.com/koparion-preview/koparion/img/banner/27.jpg]
[demo.hasthemes.com/koparion-preview/koparion/img/banner/38.jpg]
[demo.hasthemes.com/koparion-preview/koparion/img/icon-img/select.png]
[demo.hasthemes.com/koparion-preview/koparion/style.css]
[demo.hasthemes.com/koparion-preview/koparion/css/responsive.css]
[demo.hasthemes.com/koparion-preview/koparion/my-account.html]
[demo.hasthemes.com/koparion-preview/koparion/img/2.png]
[demo.hasthemes.com/koparion-preview/koparion/checkout.html]
[demo.hasthemes.com/koparion-preview/koparion/login.html]
[demo.hasthemes.com/koparion-preview/koparion/img/banner/1.png]
[demo.hasthemes.com/koparion-preview/koparion/img/banner/2.png]
[demo.hasthemes.com/koparion-preview/koparion/img/banner/3.png]
[demo.hasthemes.com/koparion-preview/koparion/img/banner/4.png]
[demo.hasthemes.com/koparion-preview/koparion/img/slider/1.jpg]
[demo.hasthemes.com/koparion-preview/koparion/img/slider/2.jpg]
[demo.hasthemes.com/koparion-preview/koparion/img/product/5.jpg]
[demo.hasthemes.com/koparion-preview/koparion/img/product/7.jpg]
[demo.hasthemes.com/koparion-preview/koparion/img/product/9.jpg]
[demo.hasthemes.com/koparion-preview/koparion/img/product/11.jpg]
[demo.hasthemes.com/koparion-preview/koparion/img/banner/5.jpg]
[demo.hasthemes.com/koparion-preview/koparion/img/banner/6.jpg]
[demo.hasthemes.com/koparion-preview/koparion/img/product/13.jpg]
[demo.hasthemes.com/koparion-preview/koparion/img/product/14.jpg]
[demo.hasthemes.com/koparion-preview/koparion/img/product/15.jpg]
[demo.hasthemes.com/koparion-preview/koparion/img/product/16.jpg]
[demo.hasthemes.com/koparion-preview/koparion/img/product/17.jpg]
[demo.hasthemes.com/koparion-preview/koparion/img/product/18.jpg]
[demo.hasthemes.com/koparion-preview/koparion/img/product/10.jpg]
[demo.hasthemes.com/koparion-preview/koparion/img/product/19.jpg]
[demo.hasthemes.com/koparion-preview/koparion/img/product/4.jpg]
[demo.hasthemes.com/koparion-preview/koparion/img/product/8.jpg]
[demo.hasthemes.com/koparion-preview/koparion/img/banner/8.jpg]
[demo.hasthemes.com/koparion-preview/koparion/img/banner/9.jpg]
[demo.hasthemes.com/koparion-preview/koparion/img/product/20.jpg]
[demo.hasthemes.com/koparion-preview/koparion/img/product/21.jpg]
[demo.hasthemes.com/koparion-preview/koparion/img/product/22.jpg]
[demo.hasthemes.com/koparion-preview/koparion/img/product/23.jpg]
[demo.hasthemes.com/koparion-preview/koparion/img/product/24.jpg]
[demo.hasthemes.com/koparion-preview/koparion/img/product/26.jpg]
[demo.hasthemes.com/koparion-preview/koparion/img/product/27.jpg]
[demo.hasthemes.com/koparion-preview/koparion/img/product/28.jpg]
[demo.hasthemes.com/koparion-preview/koparion/img/product/29.jpg]
[demo.hasthemes.com/koparion-preview/koparion/img/post/1.jpg]
[demo.hasthemes.com/koparion-preview/koparion/img/post/2.jpg]
[demo.hasthemes.com/koparion-preview/koparion/img/post/3.jpg]
[demo.hasthemes.com/koparion-preview/koparion/img/post/4.jpg]
[demo.hasthemes.com/koparion-preview/koparion/img/product/quickview-l4.jpg]
[demo.hasthemes.com/koparion-preview/koparion/img/product/quickview-l2.jpg]
[demo.hasthemes.com/koparion-preview/koparion/img/product/quickview-l3.jpg]
[demo.hasthemes.com/koparion-preview/koparion/img/product/quickview-l5.jpg]
[demo.hasthemes.com/koparion-preview/koparion/img/product/quickview-s4.jpg]
[demo.hasthemes.com/koparion-preview/koparion/img/product/quickview-s2.jpg]
[demo.hasthemes.com/koparion-preview/koparion/img/product/quickview-s3.jpg]
[demo.hasthemes.com/koparion-preview/koparion/img/product/quickview-s5.jpg]
[demo.hasthemes.com/koparion-preview/koparion/index.html]
[demo.hasthemes.com/koparion-preview/koparion/img/slider/13.jpg]
[demo.hasthemes.com/koparion-preview/koparion/img/slider/12.jpg]
[demo.hasthemes.com/koparion-preview/koparion/index-2.html]
[demo.hasthemes.com/koparion-preview/koparion/img/logo/2.png]
[demo.hasthemes.com/koparion-preview/koparion/img/slider/5.jpg]
[demo.hasthemes.com/koparion-preview/koparion/img/slider/6.jpg]
[demo.hasthemes.com/koparion-preview/koparion/img/banner/14.jpg]
[demo.hasthemes.com/koparion-preview/koparion/img/banner/15.jpg]
[demo.hasthemes.com/koparion-preview/koparion/img/banner/16.jpg]
[demo.hasthemes.com/koparion-preview/koparion/img/banner/17.jpg]
[demo.hasthemes.com/koparion-preview/koparion/img/banner/18.jpg]
[demo.hasthemes.com/koparion-preview/koparion/index-3.html]
[demo.hasthemes.com/koparion-preview/koparion/img/logo/3.png]
[demo.hasthemes.com/koparion-preview/koparion/img/slider/7.jpg]
[demo.hasthemes.com/koparion-preview/koparion/img/slider/8.jpg]
[demo.hasthemes.com/koparion-preview/koparion/img/banner/20.jpg]
[demo.hasthemes.com/koparion-preview/koparion/img/icon-img/service-1.png]
[demo.hasthemes.com/koparion-preview/koparion/img/icon-img/service-1-white.png]
[demo.hasthemes.com/koparion-preview/koparion/img/icon-img/service-2.png]
[demo.hasthemes.com/koparion-preview/koparion/img/icon-img/service-2-white.png]
[demo.hasthemes.com/koparion-preview/koparion/img/icon-img/service-3.png]
[demo.hasthemes.com/koparion-preview/koparion/img/icon-img/service-3-white.png]
[demo.hasthemes.com/koparion-preview/koparion/img/banner/21.jpg]
[demo.hasthemes.com/koparion-preview/koparion/img/banner/24.jpg]
[demo.hasthemes.com/koparion-preview/koparion/img/banner/23.jpg]
[demo.hasthemes.com/koparion-preview/koparion/index-4.html]
[demo.hasthemes.com/koparion-preview/koparion/img/logo/4.png]
[demo.hasthemes.com/koparion-preview/koparion/img/slider/10.jpg]
[demo.hasthemes.com/koparion-preview/koparion/img/slider/9.jpg]
[demo.hasthemes.com/koparion-preview/koparion/index-5.html]
[demo.hasthemes.com/koparion-preview/koparion/img/logo/5.png]
[demo.hasthemes.com/koparion-preview/koparion/img/slider/11.jpg]
[demo.hasthemes.com/koparion-preview/koparion/img/banner/30.jpg]
[demo.hasthemes.com/koparion-preview/koparion/img/banner/28.jpg]
[demo.hasthemes.com/koparion-preview/koparion/img/banner/29.jpg]
[demo.hasthemes.com/koparion-preview/koparion/index-6.html]
[demo.hasthemes.com/koparion-preview/koparion/img/slider/14.jpg]
[demo.hasthemes.com/koparion-preview/koparion/img/slider/15.jpg]
[demo.hasthemes.com/koparion-preview/koparion/index-7.html]
[demo.hasthemes.com/koparion-preview/koparion/img/flex/1.jpg]
[demo.hasthemes.com/koparion-preview/koparion/img/flex/5.jpg]
[demo.hasthemes.com/koparion-preview/koparion/img/flex/2.jpg]
[demo.hasthemes.com/koparion-preview/koparion/img/banner/33.jpg]
[demo.hasthemes.com/koparion-preview/koparion/product-details.html]
[demo.hasthemes.com/koparion-preview/koparion/img/banner/31.jpg]
[demo.hasthemes.com/koparion-preview/koparion/img/banner/32.jpg]
[demo.hasthemes.com/koparion-preview/koparion/shop.html]
[demo.hasthemes.com/koparion-preview/koparion/img/author/1.jpg]
[demo.hasthemes.com/koparion-preview/koparion/img/blog/1.jpg]
[demo.hasthemes.com/koparion-preview/koparion/img/blog/3.jpg]
[demo.hasthemes.com/koparion-preview/koparion/img/blog/4.jpg]
[demo.hasthemes.com/koparion-preview/koparion/img/blog/6.jpg]
[demo.hasthemes.com/koparion-preview/koparion/img/blog/2.jpg]
[demo.hasthemes.com/koparion-preview/koparion/audio/Ami_Raji.mp3]
[demo.hasthemes.com/koparion-preview/koparion/blog.html]
[demo.hasthemes.com/koparion-preview/koparion/img/author/2.jpg]
[demo.hasthemes.com/koparion-preview/koparion/img/author/3.jpg]
[demo.hasthemes.com/koparion-preview/koparion/img/author/4.jpg]
[demo.hasthemes.com/koparion-preview/koparion/blog-details.html]
[demo.hasthemes.com/koparion-preview/koparion/shop-list.html]
[demo.hasthemes.com/koparion-preview/koparion/product-details-affiliate.html]
[demo.hasthemes.com/koparion-preview/koparion/contact.html]
[demo.hasthemes.com/koparion-preview/koparion/js/ajax-mail.js]
[demo.hasthemes.com/koparion-preview/koparion/img/team/1.jpg]
[demo.hasthemes.com/koparion-preview/koparion/img/team/2.jpg]
[demo.hasthemes.com/koparion-preview/koparion/img/team/3.jpg]
[demo.hasthemes.com/koparion-preview/koparion/img/team/4.jpg]
[demo.hasthemes.com/koparion-preview/koparion/about.html]
[demo.hasthemes.com/koparion-preview/koparion/register.html]
[demo.hasthemes.com/koparion-preview/koparion/img/product/2.jpg]
[demo.hasthemes.com/koparion-preview/koparion/compare.html]
[demo.hasthemes.com/koparion-preview/koparion/wishlist.html]
[demo.hasthemes.com/koparion-preview/koparion/img/3.jpg]
[demo.hasthemes.com/koparion-preview/koparion/404.html]
[demo.hasthemes.com/koparion-preview/koparion/css/owl.video.play.png]
[demo.hasthemes.com/koparion-preview/koparion/fonts/fontawesome-webfont3295.svg]
[demo.hasthemes.com/koparion-preview/koparion/fonts/flexslider-icon.eot]
[demo.hasthemes.com/koparion-preview/koparion/fonts/flexslider-icond41d.eot]
[demo.hasthemes.com/koparion-preview/koparion/fonts/flexslider-icon.woff]
[demo.hasthemes.com/koparion-preview/koparion/fonts/flexslider-icon.ttf]
[demo.hasthemes.com/koparion-preview/koparion/fonts/flexslider-icon.svg]
[demo.hasthemes.com/koparion-preview/koparion/css/chosen-sprite@2x.png]
[demo.hasthemes.com/koparion-preview/koparion/login-register.html]
[demo.hasthemes.com/koparion-preview/koparion/product-details]
[demo.hasthemes.com/koparion-preview/koparion/shop-grid-2-col.html]
[demo.hasthemes.com/koparion-preview/koparion/shop-grid-3-col.html]
[demo.hasthemes.com/koparion-preview/koparion/shop-grid-6-col.html]
[demo.hasthemes.com/koparion-preview/koparion/shop-grid-box.html]
[demo.hasthemes.com/koparion-preview/koparion/shop-list-2-col.html]
[demo.hasthemes.com/koparion-preview/koparion/shop-list-3-col.html]
[demo.hasthemes.com/koparion-preview/koparion/shop-list-box.html]
[demo.hasthemes.com/koparion-preview/koparion/product-details-sticky.html]
[demo.hasthemes.com/koparion-preview/koparion/product-details-gallery.html]
[demo.hasthemes.com/koparion-preview/koparion/product-details-fixed-img.html]
